"prop1","prop2","prop3"
"A","""prop21""=""B""|""prop22""=""C""","D|E|F|G"
