"_attr1","_attr2","_value"
"A1","A2","A"
"A1","A2","B"
"A1","A2","C"
"A1","A2","D"
"A1","A2","E"
