[
    {
        "value": "2018-12-11T13:23:32"
    }
]