[
    {
        "_attr1": "A1",
        "_attr2": "A2",
        "_value": "A"
    },
    {
        "_attr1": "A1",
        "_attr2": "A2",
        "_value": "B"
    },
    {
        "_attr1": "A1",
        "_attr2": "A2",
        "_value": "C"
    },
    {
        "_attr1": "A1",
        "_attr2": "A2",
        "_value": "D"
    },
    {
        "_attr1": "A1",
        "_attr2": "A2",
        "_value": "E"
    }
]