[
    {
        "attr1": "A1",
        "attr2": "A2",
        "prop1": "A",
        "prop2": {
            "prop21": "B",
            "prop22": "C"
        },
        "prop3": [
            "D",
            "E",
            "F",
            "G"
        ]
    },
    {
        "attr1": "A1",
        "attr2": "A2",
        "prop1": "A",
        "prop2": {
            "prop21": "B",
            "prop22": "C"
        },
        "prop3": [
            "D",
            "E",
            "F",
            "G"
        ]
    }
]